Initialized native services in: C:\Users\sakuracloud\.gradle\native
Initialized jansi services in: C:\Users\sakuracloud\.gradle\native
Found daemon DaemonInfo{pid=8448, address=[3ce2ebde-9660-4bac-bd91-4a68bafb1f4f port:56347, addresses:[/127.0.0.1]], state=Idle, lastBusy=1744109685085, context=DefaultDaemonContext[uid=5fc554e7-d183-4512-b951-d85508fb2b4d,javaHome=C:\Program Files\Zulu\zulu-8,javaVersion=8,javaVendor=Azul Systems, Inc.,daemonRegistryDir=C:\Users\sakuracloud\.gradle\daemon,pid=8448,idleTimeout=10800000,priority=NORMAL,applyInstrumentationAgent=true,nativeServicesMode=ENABLED,daemonOpts=-XX:MaxMetaspaceSize=384m,-XX:+HeapDumpOnOutOfMemoryError,-Xms256m,-Xmx512m,-Dfile.encoding=UTF-8,-Duser.country=CN,-Duser.language=zh,-Duser.variant]} however its context does not match the desired criteria.
At least one daemon option is different.
Wanted: DaemonRequestContext{jvmCriteria=Compatible with Java 8, any vendor (from gradle/gradle-daemon-jvm.properties), daemonOpts=[-XX:MaxMetaspaceSize=384m, -XX:+HeapDumpOnOutOfMemoryError, -Xms256m, -Xmx512m, -Dfile.encoding=GBK, -Duser.country=CN, -Duser.language=zh, -Duser.variant], applyInstrumentationAgent=true, nativeServicesMode=ENABLED, priority=NORMAL}
Actual: DefaultDaemonContext[uid=5fc554e7-d183-4512-b951-d85508fb2b4d,javaHome=C:\Program Files\Zulu\zulu-8,javaVersion=8,javaVendor=Azul Systems, Inc.,daemonRegistryDir=C:\Users\sakuracloud\.gradle\daemon,pid=8448,idleTimeout=10800000,priority=NORMAL,applyInstrumentationAgent=true,nativeServicesMode=ENABLED,daemonOpts=-XX:MaxMetaspaceSize=384m,-XX:+HeapDumpOnOutOfMemoryError,-Xms256m,-Xmx512m,-Dfile.encoding=UTF-8,-Duser.country=CN,-Duser.language=zh,-Duser.variant]

  Looking for a different daemon...
Removing daemon from the registry due to communication failure. Daemon information: DaemonInfo{pid=44184, address=[26848b32-411a-4b26-bd54-7ee6e03eb887 port:62115, addresses:[/127.0.0.1]], state=Idle, lastBusy=1744110395633, context=DefaultDaemonContext[uid=0e63ebe7-a9ac-4df6-a98b-c77e39972bdf,javaHome=C:\Program Files\Zulu\zulu-8,javaVersion=8,javaVendor=Azul Systems, Inc.,daemonRegistryDir=C:\Users\sakuracloud\.gradle\daemon,pid=44184,idleTimeout=10800000,priority=NORMAL,applyInstrumentationAgent=true,nativeServicesMode=ENABLED,daemonOpts=-XX:MaxMetaspaceSize=384m,-XX:+HeapDumpOnOutOfMemoryError,-Xms256m,-Xmx512m,-Dfile.encoding=GBK,-Duser.country=CN,-Duser.language=zh,-Duser.variant]}
Removing 0 daemon stop events from registry
Previous Daemon (44184) stopped at Tue Apr 08 19:08:36 CST 2025 by user or operating system
Starting a Gradle Daemon, 2 incompatible and 1 stopped Daemons could not be reused, use --status for details
Daemon JVM discovery is an incubating feature.
Starting process 'command 'C:\Program Files\Zulu\zulu-21\bin\java.exe''. Working directory: C:\Users\sakuracloud\.gradle\.tmp\tmp-jvm2550284328586450292probe Command: C:\Program Files\Zulu\zulu-21\bin\java.exe -Xmx32m -Xms32m -cp . JavaProbe
Received JVM installation metadata from 'C:\Program Files\Zulu\zulu-8': {JAVA_HOME=C:\Program Files\Zulu\zulu-8\jre, JAVA_VERSION=1.8.0_442, JAVA_VENDOR=Azul Systems, Inc., RUNTIME_NAME=OpenJDK Runtime Environment, RUNTIME_VERSION=1.8.0_442-b06, VM_NAME=OpenJDK 64-Bit Server VM, VM_VERSION=25.442-b06, VM_VENDOR=Azul Systems, Inc., OS_ARCH=amd64}
Successfully started process 'command 'C:\Program Files\Zulu\zulu-21\bin\java.exe''
Received JVM installation metadata from 'C:\Program Files\Zulu\zulu-21': {JAVA_HOME=C:\Program Files\Zulu\zulu-21, JAVA_VERSION=21.0.6, JAVA_VENDOR=Azul Systems, Inc., RUNTIME_NAME=OpenJDK Runtime Environment, RUNTIME_VERSION=21.0.6+7-LTS, VM_NAME=OpenJDK 64-Bit Server VM, VM_VERSION=21.0.6+7-LTS, VM_VENDOR=Azul Systems, Inc., OS_ARCH=amd64}
Starting process 'Gradle build daemon'. Working directory: C:\Users\sakuracloud\.gradle\daemon\8.13 Command: C:\Program Files\Zulu\zulu-8\bin\java.exe -XX:MaxMetaspaceSize=384m -XX:+HeapDumpOnOutOfMemoryError -Xms256m -Xmx512m -Dfile.encoding=GBK -Duser.country=CN -Duser.language=zh -Duser.variant -cp C:\Users\sakuracloud\.gradle\wrapper\dists\gradle-8.13-bin\bynj8867joaln2pdnozgpow3q\gradle-8.13\lib\gradle-daemon-main-8.13.jar -javaagent:C:\Users\sakuracloud\.gradle\wrapper\dists\gradle-8.13-bin\bynj8867joaln2pdnozgpow3q\gradle-8.13\lib\agents\gradle-instrumentation-agent-8.13.jar org.gradle.launcher.daemon.bootstrap.GradleDaemon 8.13
Successfully started process 'Gradle build daemon'
An attempt to start the daemon took 1.537 secs.
The client will now receive all logging from the daemon (pid: 23548). The daemon log file: C:\Users\sakuracloud\.gradle\daemon\8.13\daemon-23548.out.log
Starting build in new daemon [memory: 455.5 MiB]
Using 16 worker leases.
Received JVM installation metadata from 'C:\Program Files\Zulu\zulu-8': {JAVA_HOME=C:\Program Files\Zulu\zulu-8\jre, JAVA_VERSION=1.8.0_442, JAVA_VENDOR=Azul Systems, Inc., RUNTIME_NAME=OpenJDK Runtime Environment, RUNTIME_VERSION=1.8.0_442-b06, VM_NAME=OpenJDK 64-Bit Server VM, VM_VERSION=25.442-b06, VM_VENDOR=Azul Systems, Inc., OS_ARCH=amd64}
Watching the file system is configured to be enabled if available
Now considering [E:\SenseofCherryBlossom] as hierarchies to watch
File system watching is active
Starting Build
Resolved plugin [id: 'com.gtnewhorizons.gtnhsettingsconvention', version: '1.0.37']
Adding Spotless 6.13.0 to classpath due to Java 1.8
Settings evaluated using settings file 'E:\SenseofCherryBlossom\settings.gradle'.
Using local directory build cache for the root build (location = C:\Users\sakuracloud\.gradle\caches\build-cache-1, remove unused entries = after 7 days).
Projects loaded. Root project using build file 'E:\SenseofCherryBlossom\build.gradle'.
Included projects: [root project 'SenseofCherryBlossom']

> Configure project :
Evaluating root project 'SenseofCherryBlossom' using build file 'E:\SenseofCherryBlossom\build.gradle'.
Resolved plugin [id: 'com.gtnewhorizons.gtnhconvention']
replaceGradleTokenInFile is deprecated! Consider using generateGradleTokenClass
file or directory 'E:\SenseofCherryBlossom\src\api\resources', not found
You might want to check out './gradlew :faq' if your build fails.
Cached resource https://nexus.gtnewhorizons.com/repository/public/com/gtnewhorizons/gtnhgradle/maven-metadata.xml is up-to-date (lastModified: Tue Apr 08 02:18:34 CST 2025).
Build script update from 1.0.37 to 1.0.38 available! Run ./gradlew updateBuildScript
All projects evaluated.
Task name matched 'build'
Selected primary task 'build' from project :
Starting process 'command 'C:\Program Files\Zulu\zulu-21\bin\java.exe''. Working directory: C:\Users\sakuracloud\.gradle\.tmp\tmp-jvm6439355414147804397probe Command: C:\Program Files\Zulu\zulu-21\bin\java.exe -Xmx32m -Xms32m -cp . JavaProbe
Successfully started process 'command 'C:\Program Files\Zulu\zulu-21\bin\java.exe''
Received JVM installation metadata from 'C:\Program Files\Zulu\zulu-21': {JAVA_HOME=C:\Program Files\Zulu\zulu-21, JAVA_VERSION=21.0.6, JAVA_VENDOR=Azul Systems, Inc., RUNTIME_NAME=OpenJDK Runtime Environment, RUNTIME_VERSION=21.0.6+7-LTS, VM_NAME=OpenJDK 64-Bit Server VM, VM_VERSION=21.0.6+7-LTS, VM_VENDOR=Azul Systems, Inc., OS_ARCH=amd64}
Starting process 'command 'C:\Users\sakuracloud\.gradle\jdks\azul_systems__inc_-17-amd64-windows.2\bin\java.exe''. Working directory: C:\Users\sakuracloud\.gradle\.tmp\tmp-jvm4043681861011934316probe Command: C:\Users\sakuracloud\.gradle\jdks\azul_systems__inc_-17-amd64-windows.2\bin\java.exe -Xmx32m -Xms32m -cp . JavaProbe
Successfully started process 'command 'C:\Users\sakuracloud\.gradle\jdks\azul_systems__inc_-17-amd64-windows.2\bin\java.exe''
Received JVM installation metadata from 'C:\Users\sakuracloud\.gradle\jdks\azul_systems__inc_-17-amd64-windows.2': {JAVA_HOME=C:\Users\sakuracloud\.gradle\jdks\azul_systems__inc_-17-amd64-windows.2, JAVA_VERSION=17.0.14, JAVA_VENDOR=Azul Systems, Inc., RUNTIME_NAME=OpenJDK Runtime Environment, RUNTIME_VERSION=17.0.14+7-LTS, VM_NAME=OpenJDK 64-Bit Server VM, VM_VERSION=17.0.14+7-LTS, VM_VENDOR=Azul Systems, Inc., OS_ARCH=amd64}
Tasks to be executed: [task ':extractDependencyATs', task ':generateForgeSrgMappings', task ':downloadVanillaJars', task ':mergeVanillaSidedJars', task ':deobfuscateMergedJarToSrg', task ':downloadFernflower', task ':decompileSrgJar', task ':cleanupDecompSrgJar', task ':patchDecompiledJar', task ':applySourceAccessTransformers', task ':remapDecompiledJar', task ':decompressDecompiledSources', task ':compilePatchedMcJava', task ':processPatchedMcResources', task ':patchedMcClasses', task ':compileApiJava', task ':processApiResources', task ':apiClasses', task ':injectTags', task ':compileInjectedTagsJava', task ':extractNatives2', task ':createMcLauncherFiles', task ':compileMcLauncherJava', task ':processInjectedTagsResources', task ':injectedTagsClasses', task ':processMcLauncherResources', task ':mcLauncherClasses', task ':compileJava', task ':processResources', task ':classes', task ':jar', task ':packageMcLauncher', task ':packagePatchedMc', task ':reobfJar', task ':sourcesJar', task ':assemble', task ':spotlessInternalRegisterDependencies', task ':spotlessJava', task ':spotlessJavaCheck', task ':spotlessKotlin', task ':spotlessKotlinCheck', task ':spotlessMisc', task ':spotlessMiscCheck', task ':spotlessScala', task ':spotlessScalaCheck', task ':spotlessCheck', task ':compileTestJava', task ':processTestResources', task ':testClasses', task ':test', task ':check', task ':build']
Tasks that were excluded: []
Resolve mutations for :extractDependencyATs (Thread[Execution worker Thread 2,5,main]) started.
:extractDependencyATs (Thread[Execution worker Thread 13,5,main]) started.

> Task :extractDependencyATs SKIPPED
Skipping task ':extractDependencyATs' as task onlyIf 'useDependencyAccessTransformers set in minecraft{}' is false.
Resolve mutations for :generateForgeSrgMappings (Thread[Execution worker Thread 13,5,main]) started.
:generateForgeSrgMappings (Thread[Execution worker Thread 13,5,main]) started.

> Task :generateForgeSrgMappings SKIPPED
Skipping task ':generateForgeSrgMappings' as task onlyIf 'Task satisfies onlyIf spec' is false.
Resolve mutations for :downloadVanillaJars (Thread[Execution worker Thread 13,5,main]) started.
:downloadVanillaJars (Thread[Execution worker Thread 13,5,main]) started.

> Task :downloadVanillaJars SKIPPED
Skipping task ':downloadVanillaJars' as task onlyIf 'Task satisfies onlyIf spec' is false.
Resolve mutations for :mergeVanillaSidedJars (Thread[Execution worker Thread 13,5,main]) started.
:mergeVanillaSidedJars (Thread[Execution worker Thread 13,5,main]) started.

> Task :mergeVanillaSidedJars
Build cache key for task ':mergeVanillaSidedJars' is d1da63a01a025a4cb20a185919e6c38f
Task ':mergeVanillaSidedJars' is not up-to-date because:
  Task.upToDateWhen is false.
Stored cache entry for task ':mergeVanillaSidedJars' with cache key d1da63a01a025a4cb20a185919e6c38f
Resolve mutations for :deobfuscateMergedJarToSrg (Thread[Execution worker Thread 13,5,main]) started.
:deobfuscateMergedJarToSrg (Thread[Execution worker Thread 13,5,main]) started.

> Task :deobfuscateMergedJarToSrg
Build cache key for task ':deobfuscateMergedJarToSrg' is 7767b9b261a98ddf77cca65ae6ed6711
Task ':deobfuscateMergedJarToSrg' is not up-to-date because:
  Task.upToDateWhen is false.
Applying SpecialSource
Loading 2 AccessTransformers
C:\Users\sakuracloud\.gradle\caches\minecraft\net\minecraftforge\forge\1.7.10-10.13.4.1614-1.7.10\unpacked\src\main\resources\fml_at.cfg
Loading AccessTransformer C:\Users\sakuracloud\.gradle\caches\minecraft\net\minecraftforge\forge\1.7.10-10.13.4.1614-1.7.10\unpacked\src\main\resources\fml_at.cfg
C:\Users\sakuracloud\.gradle\caches\minecraft\net\minecraftforge\forge\1.7.10-10.13.4.1614-1.7.10\unpacked\src\main\resources\forge_at.cfg
Loading AccessTransformer C:\Users\sakuracloud\.gradle\caches\minecraft\net\minecraftforge\forge\1.7.10-10.13.4.1614-1.7.10\unpacked\src\main\resources\forge_at.cfg
INFO: merging AccessMap net/minecraft/item/ItemBlock/field_150939_a from AccessChange(clear=0, set=0, vis=1) with AccessChange(clear=0, set=0, vis=1)
Renamed 0 AT entries
Applying Exceptor
Cleaning up generated debuginfo
Stored cache entry for task ':deobfuscateMergedJarToSrg' with cache key 7767b9b261a98ddf77cca65ae6ed6711
Resolve mutations for :downloadFernflower (Thread[Execution worker Thread 14,5,main]) started.
:downloadFernflower (Thread[Execution worker Thread 14,5,main]) started.

> Task :downloadFernflower SKIPPED
Skipping task ':downloadFernflower' as task onlyIf 'Task satisfies onlyIf spec' is false.
Resolve mutations for :decompileSrgJar (Thread[Execution worker Thread 13,5,main]) started.
:decompileSrgJar (Thread[Execution worker Thread 13,5,main]) started.

> Task :decompileSrgJar
Caching disabled for task ':decompileSrgJar' because:
  Uses an internal caching mechanism
Task ':decompileSrgJar' is not up-to-date because:
  Task.upToDateWhen is false.
Using cached decompiled jar from C:\Users\sakuracloud\.gradle\caches\retro_futura_gradle\fernflower-cache\f857d0a5dc440e9576a099ffe2dcf0f57f62ec6a9a90cdd7e8a27d4573e0504b-d7c8f511b6ac02d696f5028c8d563b8c8a60d7d1e6d6cb52a2a8ea1c44e9ec3a.jar
Resolve mutations for :cleanupDecompSrgJar (Thread[Execution worker Thread 13,5,main]) started.
:cleanupDecompSrgJar (Thread[Execution worker Thread 13,5,main]) started.

> Task :cleanupDecompSrgJar
Caching disabled for task ':cleanupDecompSrgJar' because:
  Caching has not been enabled for the task
Task ':cleanupDecompSrgJar' is not up-to-date because:
  Task.upToDateWhen is false.
Fixup stage 1 - applying FF patches
  Stage 1 took 1472 ms
Fixup stage 2 - applying MCP patches
  Stage 2 took 46 ms
Fixup stage 3 - applying MCP cleanup
  Stage 3 took 1481 ms
Saving the fixed-up jar
Resolve mutations for :patchDecompiledJar (Thread[Execution worker Thread 13,5,main]) started.
:patchDecompiledJar (Thread[Execution worker Thread 13,5,main]) started.

> Task :patchDecompiledJar
Custom actions are attached to task ':patchDecompiledJar'.
Build cache key for task ':patchDecompiledJar' is 566b763416bda24156640798c5fdec49
Task ':patchDecompiledJar' is not up-to-date because:
  Task.upToDateWhen is false.
Patching sources: 2 patch archives, 2 injection directories
Applied 311 patches
Stored cache entry for task ':patchDecompiledJar' with cache key 566b763416bda24156640798c5fdec49
Resolve mutations for :applySourceAccessTransformers (Thread[Execution worker Thread 13,5,main]) started.
:applySourceAccessTransformers (Thread[Execution worker Thread 13,5,main]) started.

> Task :applySourceAccessTransformers
Build cache key for task ':applySourceAccessTransformers' is 0e994c19a828671dd53461d7c303338a
Task ':applySourceAccessTransformers' is not up-to-date because:
  Task.upToDateWhen is false.
Stored cache entry for task ':applySourceAccessTransformers' with cache key 0e994c19a828671dd53461d7c303338a
Resolve mutations for :remapDecompiledJar (Thread[Execution worker Thread 12,5,main]) started.
:remapDecompiledJar (Thread[Execution worker Thread 12,5,main]) started.

> Task :remapDecompiledJar
Custom actions are attached to task ':remapDecompiledJar'.
Build cache key for task ':remapDecompiledJar' is 7dcd867ad7222a920d5919ec5104b8eb
Task ':remapDecompiledJar' is not up-to-date because:
  Task.upToDateWhen is false.
Applied 0 missing generics
Stored cache entry for task ':remapDecompiledJar' with cache key 7dcd867ad7222a920d5919ec5104b8eb
Resolve mutations for :decompressDecompiledSources (Thread[Execution worker Thread 12,5,main]) started.
:decompressDecompiledSources (Thread[Execution worker Thread 12,5,main]) started.

> Task :decompressDecompiledSources
Caching disabled for task ':decompressDecompiledSources' because:
  Not worth caching
Task ':decompressDecompiledSources' is not up-to-date because:
  Output property 'destinationDir' file E:\SenseofCherryBlossom\build\rfg\minecraft-src has been removed.
  Output property 'destinationDir' file E:\SenseofCherryBlossom\build\rfg\minecraft-src\java has been removed.
  Output property 'destinationDir' file E:\SenseofCherryBlossom\build\rfg\minecraft-src\java\cpw has been removed.
  and more...
Resolve mutations for :compilePatchedMcJava (Thread[Execution worker Thread 12,5,main]) started.
:compilePatchedMcJava (Thread[Execution worker Thread 12,5,main]) started.

> Task :compilePatchedMcJava FROM-CACHE
Build cache key for task ':compilePatchedMcJava' is 810a6472bfa9d6a0c32966404a027caf
Task ':compilePatchedMcJava' is not up-to-date because:
  Output property 'destinationDirectory' file E:\SenseofCherryBlossom\build\classes\java\patchedMc has been removed.
  Output property 'destinationDirectory' file E:\SenseofCherryBlossom\build\classes\java\patchedMc\cpw has been removed.
  Output property 'destinationDirectory' file E:\SenseofCherryBlossom\build\classes\java\patchedMc\cpw\mods has been removed.
  and more...
Loaded cache entry for task ':compilePatchedMcJava' with cache key 810a6472bfa9d6a0c32966404a027caf
No compile result for :compilePatchedMcJava
Resolve mutations for :processPatchedMcResources (Thread[Execution worker Thread 12,5,main]) started.
:processPatchedMcResources (Thread[Execution worker Thread 12,5,main]) started.

> Task :processPatchedMcResources
Caching disabled for task ':processPatchedMcResources' because:
  Not worth caching
Task ':processPatchedMcResources' is not up-to-date because:
  Output property 'destinationDir' file E:\SenseofCherryBlossom\build\resources\patchedMc has been removed.
  Output property 'destinationDir' file E:\SenseofCherryBlossom\build\resources\patchedMc\assets has been removed.
  Output property 'destinationDir' file E:\SenseofCherryBlossom\build\resources\patchedMc\assets\fml has been removed.
  and more...
Resolve mutations for :patchedMcClasses (Thread[Execution worker Thread 12,5,main]) started.
:patchedMcClasses (Thread[Execution worker Thread 12,5,main]) started.

> Task :patchedMcClasses
Skipping task ':patchedMcClasses' as it has no actions.
Resolve mutations for :compileApiJava (Thread[Execution worker Thread 12,5,main]) started.
:compileApiJava (Thread[Execution worker Thread 12,5,main]) started.

> Task :compileApiJava NO-SOURCE
Skipping task ':compileApiJava' as it has no source files and no previous output files.
Resolve mutations for :processApiResources (Thread[Execution worker Thread 12,5,main]) started.
:processApiResources (Thread[Execution worker Thread 12,5,main]) started.

> Task :processApiResources NO-SOURCE
Skipping task ':processApiResources' as it has no source files and no previous output files.
Resolve mutations for :apiClasses (Thread[Execution worker Thread 12,5,main]) started.
:apiClasses (Thread[Execution worker Thread 12,5,main]) started.

> Task :apiClasses UP-TO-DATE
Skipping task ':apiClasses' as it has no actions.
Resolve mutations for :injectTags (Thread[Execution worker Thread 12,5,main]) started.
:injectTags (Thread[Execution worker Thread 12,5,main]) started.

> Task :injectTags FROM-CACHE
Custom actions are attached to task ':injectTags'.
Build cache key for task ':injectTags' is 6a0800a9eae97f884b5e1748093dfaf1
Task ':injectTags' is not up-to-date because:
  Output property '$1' file E:\SenseofCherryBlossom\build\generated\sources\injectTags.resources has been removed.
  Output property 'outputDir' file E:\SenseofCherryBlossom\build\generated\sources\injectTags has been removed.
Loaded cache entry for task ':injectTags' with cache key 6a0800a9eae97f884b5e1748093dfaf1
Resolve mutations for :compileInjectedTagsJava (Thread[Execution worker Thread 12,5,main]) started.
:compileInjectedTagsJava (Thread[Execution worker Thread 12,5,main]) started.

> Task :compileInjectedTagsJava NO-SOURCE
Skipping task ':compileInjectedTagsJava' as it has no source files and no previous output files.
Resolve mutations for :extractNatives2 (Thread[Execution worker Thread 12,5,main]) started.
:extractNatives2 (Thread[Execution worker Thread 12,5,main]) started.

> Task :extractNatives2 UP-TO-DATE
Caching disabled for task ':extractNatives2' because:
  Caching has not been enabled for the task
Skipping task ':extractNatives2' as it is up-to-date.
Resolve mutations for :createMcLauncherFiles (Thread[Execution worker Thread 12,5,main]) started.
:createMcLauncherFiles (Thread[Execution worker Thread 12,5,main]) started.

> Task :createMcLauncherFiles
Caching disabled for task ':createMcLauncherFiles' because:
  Caching has not been enabled for the task
Task ':createMcLauncherFiles' is not up-to-date because:
  Output property 'outputDir' file E:\SenseofCherryBlossom\build\rfg\launcher-src has been removed.
  Output property 'outputDir' file E:\SenseofCherryBlossom\build\rfg\launcher-src\GradleStart.java has been removed.
  Output property 'outputDir' file E:\SenseofCherryBlossom\build\rfg\launcher-src\GradleStartServer.java has been removed.
  and more...
Resolve mutations for :compileMcLauncherJava (Thread[Execution worker Thread 12,5,main]) started.
:compileMcLauncherJava (Thread[Execution worker Thread 12,5,main]) started.

> Task :compileMcLauncherJava FROM-CACHE
Build cache key for task ':compileMcLauncherJava' is ccc8a7f094e80f7981c90c6cf5797195
Task ':compileMcLauncherJava' is not up-to-date because:
  Output property 'destinationDirectory' file E:\SenseofCherryBlossom\build\classes\java\mcLauncher has been removed.
  Output property 'destinationDirectory' file E:\SenseofCherryBlossom\build\classes\java\mcLauncher\GradleStart$AssetIndex$AssetEntry.class has been removed.
  Output property 'destinationDirectory' file E:\SenseofCherryBlossom\build\classes\java\mcLauncher\GradleStart$AssetIndex.class has been removed.
  and more...
Loaded cache entry for task ':compileMcLauncherJava' with cache key ccc8a7f094e80f7981c90c6cf5797195
No compile result for :compileMcLauncherJava
Resolve mutations for :processInjectedTagsResources (Thread[Execution worker Thread 12,5,main]) started.
:processInjectedTagsResources (Thread[Execution worker Thread 12,5,main]) started.

> Task :processInjectedTagsResources NO-SOURCE
Skipping task ':processInjectedTagsResources' as it has no source files and no previous output files.
Resolve mutations for :injectedTagsClasses (Thread[Execution worker Thread 12,5,main]) started.
:injectedTagsClasses (Thread[Execution worker Thread 12,5,main]) started.

> Task :injectedTagsClasses UP-TO-DATE
Skipping task ':injectedTagsClasses' as it has no actions.
Resolve mutations for :processMcLauncherResources (Thread[Execution worker Thread 12,5,main]) started.
:processMcLauncherResources (Thread[Execution worker Thread 12,5,main]) started.

> Task :processMcLauncherResources NO-SOURCE
Skipping task ':processMcLauncherResources' as it has no source files and no previous output files.
Resolve mutations for :mcLauncherClasses (Thread[Execution worker Thread 12,5,main]) started.
:mcLauncherClasses (Thread[Execution worker Thread 12,5,main]) started.

> Task :mcLauncherClasses UP-TO-DATE
Skipping task ':mcLauncherClasses' as it has no actions.
Resolve mutations for :compileJava (Thread[Execution worker Thread 12,5,main]) started.
:compileJava (Thread[Execution worker Thread 12,5,main]) started.

> Task :compileJava FROM-CACHE
Custom actions are attached to task ':compileJava'.
Build cache key for task ':compileJava' is bee20e6f44eb4a523bd99f4c99bea433
Task ':compileJava' is not up-to-date because:
  Output property 'destinationDirectory' file E:\SenseofCherryBlossom\build\classes\java\main has been removed.
  Output property 'destinationDirectory' file E:\SenseofCherryBlossom\build\classes\java\main\com has been removed.
  Output property 'destinationDirectory' file E:\SenseofCherryBlossom\build\classes\java\main\com\sakurac1oud has been removed.
  and more...
Loaded cache entry for task ':compileJava' with cache key bee20e6f44eb4a523bd99f4c99bea433
No compile result for :compileJava
Resolve mutations for :processResources (Thread[Execution worker Thread 12,5,main]) started.
:processResources (Thread[Execution worker Thread 12,5,main]) started.

> Task :processResources
Caching disabled for task ':processResources' because:
  Not worth caching
Task ':processResources' is not up-to-date because:
  Output property 'destinationDir' file E:\SenseofCherryBlossom\build\resources\main has been removed.
  Output property 'destinationDir' file E:\SenseofCherryBlossom\build\resources\main\mixins.senseofcherryblossom.json has been removed.
file or directory 'E:\SenseofCherryBlossom\build\tmp\mixins\mixins.senseofcherryblossom.refmap.json', not found
Resolve mutations for :classes (Thread[Execution worker Thread 6,5,main]) started.
:classes (Thread[Execution worker Thread 6,5,main]) started.

> Task :classes
Skipping task ':classes' as it has no actions.
Resolve mutations for :jar (Thread[Execution worker Thread 6,5,main]) started.
:jar (Thread[Execution worker Thread 6,5,main]) started.

> Task :jar
Caching disabled for task ':jar' because:
  Not worth caching
Task ':jar' is not up-to-date because:
  Output property 'archiveFile' file E:\SenseofCherryBlossom\build\libs\senseofcherryblossom-1.0.0-dev.jar has been removed.
file or directory 'E:\SenseofCherryBlossom\build\classes\java\injectedTags', not found
file or directory 'E:\SenseofCherryBlossom\build\resources\injectedTags', not found
Resolve mutations for :packageMcLauncher (Thread[Execution worker Thread 6,5,main]) started.
:packageMcLauncher (Thread[Execution worker Thread 6,5,main]) started.

> Task :packageMcLauncher
Caching disabled for task ':packageMcLauncher' because:
  Not worth caching
Task ':packageMcLauncher' is not up-to-date because:
  Output property 'archiveFile' file E:\SenseofCherryBlossom\build\rfg\mclauncher-1.7.10.jar has been removed.
file or directory 'E:\SenseofCherryBlossom\build\resources\mcLauncher', not found
Resolve mutations for :packagePatchedMc (Thread[Execution worker Thread 6,5,main]) started.
:packagePatchedMc (Thread[Execution worker Thread 6,5,main]) started.

> Task :packagePatchedMc
Caching disabled for task ':packagePatchedMc' because:
  Not worth caching
Task ':packagePatchedMc' is not up-to-date because:
  Output property 'archiveFile' file E:\SenseofCherryBlossom\build\rfg\recompiled_minecraft-1.7.10.jar has been removed.
Resolve mutations for :reobfJar (Thread[Execution worker Thread 6,5,main]) started.
:reobfJar (Thread[Execution worker Thread 6,5,main]) started.

> Task :reobfJar
file or directory 'E:\SenseofCherryBlossom\libs', not found
file or directory 'E:\SenseofCherryBlossom\libs', not found
file or directory 'E:\SenseofCherryBlossom\libs', not found
file or directory 'E:\SenseofCherryBlossom\libs', not found
file or directory 'E:\SenseofCherryBlossom\libs', not found
file or directory 'E:\SenseofCherryBlossom\libs', not found
file or directory 'E:\SenseofCherryBlossom\libs', not found
file or directory 'E:\SenseofCherryBlossom\libs', not found
file or directory 'E:\SenseofCherryBlossom\libs', not found
file or directory 'E:\SenseofCherryBlossom\libs', not found
file or directory 'E:\SenseofCherryBlossom\libs', not found
file or directory 'E:\SenseofCherryBlossom\libs', not found
file or directory 'E:\SenseofCherryBlossom\libs', not found
file or directory 'E:\SenseofCherryBlossom\libs', not found
file or directory 'E:\SenseofCherryBlossom\libs', not found
file or directory 'E:\SenseofCherryBlossom\libs', not found
file or directory 'E:\SenseofCherryBlossom\libs', not found
file or directory 'E:\SenseofCherryBlossom\libs', not found
file or directory 'E:\SenseofCherryBlossom\libs', not found
file or directory 'E:\SenseofCherryBlossom\libs', not found
file or directory 'E:\SenseofCherryBlossom\libs', not found
file or directory 'E:\SenseofCherryBlossom\libs', not found
file or directory 'E:\SenseofCherryBlossom\libs', not found
file or directory 'E:\SenseofCherryBlossom\libs', not found
file or directory 'E:\SenseofCherryBlossom\libs', not found
file or directory 'E:\SenseofCherryBlossom\libs', not found
file or directory 'E:\SenseofCherryBlossom\libs', not found
file or directory 'E:\SenseofCherryBlossom\libs', not found
file or directory 'E:\SenseofCherryBlossom\libs', not found
file or directory 'E:\SenseofCherryBlossom\libs', not found
file or directory 'E:\SenseofCherryBlossom\libs', not found
file or directory 'E:\SenseofCherryBlossom\libs', not found
file or directory 'E:\SenseofCherryBlossom\libs', not found
file or directory 'E:\SenseofCherryBlossom\libs', not found
file or directory 'E:\SenseofCherryBlossom\libs', not found
file or directory 'E:\SenseofCherryBlossom\libs', not found
file or directory 'E:\SenseofCherryBlossom\libs', not found
file or directory 'E:\SenseofCherryBlossom\libs', not found
file or directory 'E:\SenseofCherryBlossom\libs', not found
file or directory 'E:\SenseofCherryBlossom\libs', not found
file or directory 'E:\SenseofCherryBlossom\libs', not found
file or directory 'E:\SenseofCherryBlossom\libs', not found
file or directory 'E:\SenseofCherryBlossom\libs', not found
file or directory 'E:\SenseofCherryBlossom\libs', not found
file or directory 'E:\SenseofCherryBlossom\libs', not found
file or directory 'E:\SenseofCherryBlossom\libs', not found
file or directory 'E:\SenseofCherryBlossom\libs', not found
file or directory 'E:\SenseofCherryBlossom\libs', not found
file or directory 'E:\SenseofCherryBlossom\libs', not found
file or directory 'E:\SenseofCherryBlossom\libs', not found
file or directory 'E:\SenseofCherryBlossom\libs', not found
file or directory 'E:\SenseofCherryBlossom\libs', not found
file or directory 'E:\SenseofCherryBlossom\libs', not found
file or directory 'E:\SenseofCherryBlossom\libs', not found
file or directory 'E:\SenseofCherryBlossom\libs', not found
file or directory 'E:\SenseofCherryBlossom\libs', not found
file or directory 'E:\SenseofCherryBlossom\libs', not found
file or directory 'E:\SenseofCherryBlossom\libs', not found
file or directory 'E:\SenseofCherryBlossom\libs', not found
file or directory 'E:\SenseofCherryBlossom\libs', not found
file or directory 'E:\SenseofCherryBlossom\libs', not found
file or directory 'E:\SenseofCherryBlossom\libs', not found
file or directory 'E:\SenseofCherryBlossom\libs', not found
file or directory 'E:\SenseofCherryBlossom\libs', not found
file or directory 'E:\SenseofCherryBlossom\libs', not found
file or directory 'E:\SenseofCherryBlossom\libs', not found
file or directory 'E:\SenseofCherryBlossom\libs', not found
file or directory 'E:\SenseofCherryBlossom\libs', not found
file or directory 'E:\SenseofCherryBlossom\libs', not found
file or directory 'E:\SenseofCherryBlossom\libs', not found
file or directory 'E:\SenseofCherryBlossom\libs', not found
file or directory 'E:\SenseofCherryBlossom\libs', not found
file or directory 'E:\SenseofCherryBlossom\libs', not found
file or directory 'E:\SenseofCherryBlossom\libs', not found
file or directory 'E:\SenseofCherryBlossom\libs', not found
file or directory 'E:\SenseofCherryBlossom\libs', not found
file or directory 'E:\SenseofCherryBlossom\libs', not found
file or directory 'E:\SenseofCherryBlossom\libs', not found
file or directory 'E:\SenseofCherryBlossom\libs', not found
file or directory 'E:\SenseofCherryBlossom\libs', not found
file or directory 'E:\SenseofCherryBlossom\libs', not found
file or directory 'E:\SenseofCherryBlossom\libs', not found
file or directory 'E:\SenseofCherryBlossom\libs', not found
file or directory 'E:\SenseofCherryBlossom\libs', not found
file or directory 'E:\SenseofCherryBlossom\libs', not found
file or directory 'E:\SenseofCherryBlossom\libs', not found
file or directory 'E:\SenseofCherryBlossom\libs', not found
file or directory 'E:\SenseofCherryBlossom\libs', not found
file or directory 'E:\SenseofCherryBlossom\libs', not found
file or directory 'E:\SenseofCherryBlossom\libs', not found
file or directory 'E:\SenseofCherryBlossom\libs', not found
file or directory 'E:\SenseofCherryBlossom\libs', not found
file or directory 'E:\SenseofCherryBlossom\libs', not found
file or directory 'E:\SenseofCherryBlossom\libs', not found
file or directory 'E:\SenseofCherryBlossom\libs', not found
file or directory 'E:\SenseofCherryBlossom\libs', not found
file or directory 'E:\SenseofCherryBlossom\libs', not found
file or directory 'E:\SenseofCherryBlossom\libs', not found
file or directory 'E:\SenseofCherryBlossom\libs', not found
file or directory 'E:\SenseofCherryBlossom\libs', not found
file or directory 'E:\SenseofCherryBlossom\libs', not found
file or directory 'E:\SenseofCherryBlossom\libs', not found
file or directory 'E:\SenseofCherryBlossom\libs', not found
file or directory 'E:\SenseofCherryBlossom\libs', not found
file or directory 'E:\SenseofCherryBlossom\libs', not found
file or directory 'E:\SenseofCherryBlossom\libs', not found
file or directory 'E:\SenseofCherryBlossom\libs', not found
file or directory 'E:\SenseofCherryBlossom\libs', not found
file or directory 'E:\SenseofCherryBlossom\libs', not found
file or directory 'E:\SenseofCherryBlossom\libs', not found
file or directory 'E:\SenseofCherryBlossom\libs', not found
file or directory 'E:\SenseofCherryBlossom\libs', not found
file or directory 'E:\SenseofCherryBlossom\libs', not found
file or directory 'E:\SenseofCherryBlossom\libs', not found
file or directory 'E:\SenseofCherryBlossom\libs', not found
file or directory 'E:\SenseofCherryBlossom\libs', not found
file or directory 'E:\SenseofCherryBlossom\libs', not found
file or directory 'E:\SenseofCherryBlossom\libs', not found
file or directory 'E:\SenseofCherryBlossom\libs', not found
file or directory 'E:\SenseofCherryBlossom\libs', not found
file or directory 'E:\SenseofCherryBlossom\libs', not found
file or directory 'E:\SenseofCherryBlossom\libs', not found
file or directory 'E:\SenseofCherryBlossom\libs', not found
file or directory 'E:\SenseofCherryBlossom\libs', not found
file or directory 'E:\SenseofCherryBlossom\libs', not found
file or directory 'E:\SenseofCherryBlossom\libs', not found
file or directory 'E:\SenseofCherryBlossom\libs', not found
file or directory 'E:\SenseofCherryBlossom\libs', not found
file or directory 'E:\SenseofCherryBlossom\libs', not found
file or directory 'E:\SenseofCherryBlossom\libs', not found
file or directory 'E:\SenseofCherryBlossom\libs', not found
file or directory 'E:\SenseofCherryBlossom\libs', not found
file or directory 'E:\SenseofCherryBlossom\libs', not found
file or directory 'E:\SenseofCherryBlossom\libs', not found
file or directory 'E:\SenseofCherryBlossom\libs', not found
file or directory 'E:\SenseofCherryBlossom\libs', not found
file or directory 'E:\SenseofCherryBlossom\libs', not found
file or directory 'E:\SenseofCherryBlossom\libs', not found
file or directory 'E:\SenseofCherryBlossom\libs', not found
file or directory 'E:\SenseofCherryBlossom\libs', not found
file or directory 'E:\SenseofCherryBlossom\libs', not found
file or directory 'E:\SenseofCherryBlossom\libs', not found
file or directory 'E:\SenseofCherryBlossom\libs', not found
file or directory 'E:\SenseofCherryBlossom\libs', not found
file or directory 'E:\SenseofCherryBlossom\libs', not found
file or directory 'E:\SenseofCherryBlossom\libs', not found
file or directory 'E:\SenseofCherryBlossom\libs', not found
file or directory 'E:\SenseofCherryBlossom\libs', not found
file or directory 'E:\SenseofCherryBlossom\libs', not found
file or directory 'E:\SenseofCherryBlossom\libs', not found
file or directory 'E:\SenseofCherryBlossom\libs', not found
file or directory 'E:\SenseofCherryBlossom\libs', not found
file or directory 'E:\SenseofCherryBlossom\libs', not found
file or directory 'E:\SenseofCherryBlossom\libs', not found
file or directory 'E:\SenseofCherryBlossom\libs', not found
file or directory 'E:\SenseofCherryBlossom\libs', not found
file or directory 'E:\SenseofCherryBlossom\libs', not found
file or directory 'E:\SenseofCherryBlossom\libs', not found
file or directory 'E:\SenseofCherryBlossom\libs', not found
file or directory 'E:\SenseofCherryBlossom\libs', not found
file or directory 'E:\SenseofCherryBlossom\libs', not found
file or directory 'E:\SenseofCherryBlossom\libs', not found
file or directory 'E:\SenseofCherryBlossom\libs', not found
file or directory 'E:\SenseofCherryBlossom\libs', not found
file or directory 'E:\SenseofCherryBlossom\libs', not found
file or directory 'E:\SenseofCherryBlossom\libs', not found
file or directory 'E:\SenseofCherryBlossom\libs', not found
file or directory 'E:\SenseofCherryBlossom\libs', not found
file or directory 'E:\SenseofCherryBlossom\libs', not found
file or directory 'E:\SenseofCherryBlossom\libs', not found
file or directory 'E:\SenseofCherryBlossom\libs', not found
file or directory 'E:\SenseofCherryBlossom\libs', not found
file or directory 'E:\SenseofCherryBlossom\libs', not found
file or directory 'E:\SenseofCherryBlossom\libs', not found
file or directory 'E:\SenseofCherryBlossom\libs', not found
file or directory 'E:\SenseofCherryBlossom\libs', not found
file or directory 'E:\SenseofCherryBlossom\libs', not found
file or directory 'E:\SenseofCherryBlossom\libs', not found
file or directory 'E:\SenseofCherryBlossom\libs', not found
file or directory 'E:\SenseofCherryBlossom\libs', not found
file or directory 'E:\SenseofCherryBlossom\libs', not found
file or directory 'E:\SenseofCherryBlossom\libs', not found
file or directory 'E:\SenseofCherryBlossom\libs', not found
file or directory 'E:\SenseofCherryBlossom\libs', not found
file or directory 'E:\SenseofCherryBlossom\libs', not found
file or directory 'E:\SenseofCherryBlossom\libs', not found
file or directory 'E:\SenseofCherryBlossom\libs', not found
file or directory 'E:\SenseofCherryBlossom\libs', not found
file or directory 'E:\SenseofCherryBlossom\libs', not found
file or directory 'E:\SenseofCherryBlossom\libs', not found
file or directory 'E:\SenseofCherryBlossom\libs', not found
file or directory 'E:\SenseofCherryBlossom\libs', not found
file or directory 'E:\SenseofCherryBlossom\libs', not found
file or directory 'E:\SenseofCherryBlossom\libs', not found
file or directory 'E:\SenseofCherryBlossom\libs', not found
file or directory 'E:\SenseofCherryBlossom\libs', not found
file or directory 'E:\SenseofCherryBlossom\libs', not found
file or directory 'E:\SenseofCherryBlossom\libs', not found
file or directory 'E:\SenseofCherryBlossom\libs', not found
file or directory 'E:\SenseofCherryBlossom\libs', not found
file or directory 'E:\SenseofCherryBlossom\libs', not found
file or directory 'E:\SenseofCherryBlossom\libs', not found
file or directory 'E:\SenseofCherryBlossom\libs', not found
file or directory 'E:\SenseofCherryBlossom\libs', not found
file or directory 'E:\SenseofCherryBlossom\libs', not found
file or directory 'E:\SenseofCherryBlossom\libs', not found
file or directory 'E:\SenseofCherryBlossom\libs', not found
file or directory 'E:\SenseofCherryBlossom\libs', not found
file or directory 'E:\SenseofCherryBlossom\libs', not found
file or directory 'E:\SenseofCherryBlossom\libs', not found
file or directory 'E:\SenseofCherryBlossom\libs', not found
file or directory 'E:\SenseofCherryBlossom\libs', not found
file or directory 'E:\SenseofCherryBlossom\libs', not found
file or directory 'E:\SenseofCherryBlossom\libs', not found
file or directory 'E:\SenseofCherryBlossom\libs', not found
file or directory 'E:\SenseofCherryBlossom\libs', not found
file or directory 'E:\SenseofCherryBlossom\libs', not found
file or directory 'E:\SenseofCherryBlossom\libs', not found
file or directory 'E:\SenseofCherryBlossom\libs', not found
file or directory 'E:\SenseofCherryBlossom\libs', not found
Build cache key for task ':reobfJar' is a0aea51166848a87488280deadf5d2f6
Task ':reobfJar' is not up-to-date because:
  Output property 'archiveFile' file E:\SenseofCherryBlossom\build\libs\senseofcherryblossom-1.0.0.jar has been removed.
SRG file E:\SenseofCherryBlossom\build\tmp\mixins\mixins.srg does not exist
Stored cache entry for task ':reobfJar' with cache key a0aea51166848a87488280deadf5d2f6
Resolve mutations for :sourcesJar (Thread[Execution worker Thread 6,5,main]) started.
:sourcesJar (Thread[Execution worker Thread 6,5,main]) started.

> Task :sourcesJar
Caching disabled for task ':sourcesJar' because:
  Not worth caching
Task ':sourcesJar' is not up-to-date because:
  Output property 'archiveFile' file E:\SenseofCherryBlossom\build\libs\senseofcherryblossom-1.0.0-sources.jar has been removed.
Resolve mutations for :assemble (Thread[Execution worker Thread 6,5,main]) started.
:assemble (Thread[Execution worker Thread 11,5,main]) started.

> Task :assemble
Skipping task ':assemble' as it has no actions.
Resolve mutations for :spotlessInternalRegisterDependencies (Thread[Execution worker Thread 3,5,main]) started.
:spotlessInternalRegisterDependencies (Thread[Execution worker Thread 2,5,main]) started.

> Task :spotlessInternalRegisterDependencies
Caching disabled for task ':spotlessInternalRegisterDependencies' because:
  Caching has not been enabled for the task
Task ':spotlessInternalRegisterDependencies' is not up-to-date because:
  Output property 'unitOutput' file E:\SenseofCherryBlossom\build\tmp\spotless-register-dependencies has been removed.
Resolve mutations for :spotlessJava (Thread[Execution worker Thread 2,5,main]) started.
:spotlessJava (Thread[Execution worker Thread 2,5,main]) started.

> Task :spotlessJava FAILED
Build cache key for task ':spotlessJava' is 88c58f7b17c65c28576e8b6461c99a0c
Task ':spotlessJava' is not up-to-date because:
  Task has failed previously.
The input changes require a full rebuild for incremental task ':spotlessJava'.
Not incremental: removing prior outputs

[Incubating] Problems report is available at: file:///E:/SenseofCherryBlossom/build/reports/problems/problems-report.html

Deprecated Gradle features were used in this build, making it incompatible with Gradle 9.0.

You can use '--warning-mode all' to show the individual deprecation warnings and determine if they come from your own scripts or plugins.

For more on this, please refer to https://docs.gradle.org/8.13/userguide/command_line_interface.html#sec:command_line_warnings in the Gradle documentation.
23 actionable tasks: 18 executed, 4 from cache, 1 up-to-date
Watched directory hierarchies: [E:\SenseofCherryBlossom]
